// Jest Snapshot v1, https://goo.gl/fbAQLP

exports[`renders <App/> 1`] = `
Object {
  "asFragment": [Function],
  "baseElement": <body>
    <div>
      <div
        class="App"
        style="min-height: 753px;"
      >
        <input
          class="search-bar"
          placeholder="Search"
          type="text"
          value=""
        />
        <ul
          class="search-options"
        />
        <div
          class="charts-container"
        >
          <div
            class="smooth-dnd-container vertical"
          />
        </div>
        <div
          class="button not-signed-in"
        >
          <div
            class="button__logo"
          >
            <img
              alt="Logo"
              src="g-logo.png"
            />
          </div>
          <p
            class="button__text"
          >
            Sign in with Google
          </p>
        </div>
        <div
          class="tip tip--shown"
        >
          <p
            class="tip__text"
          >
            Drag to reorder/remove charts
          </p>
          <img
            alt="close"
            class="close"
            src="close.svg"
          />
        </div>
      </div>
    </div>
  </body>,
  "container": <div>
    <div
      class="App"
      style="min-height: 753px;"
    >
      <input
        class="search-bar"
        placeholder="Search"
        type="text"
        value=""
      />
      <ul
        class="search-options"
      />
      <div
        class="charts-container"
      >
        <div
          class="smooth-dnd-container vertical"
        />
      </div>
      <div
        class="button not-signed-in"
      >
        <div
          class="button__logo"
        >
          <img
            alt="Logo"
            src="g-logo.png"
          />
        </div>
        <p
          class="button__text"
        >
          Sign in with Google
        </p>
      </div>
      <div
        class="tip tip--shown"
      >
        <p
          class="tip__text"
        >
          Drag to reorder/remove charts
        </p>
        <img
          alt="close"
          class="close"
          src="close.svg"
        />
      </div>
    </div>
  </div>,
  "debug": [Function],
  "getAllByAltText": [Function],
  "getAllByDisplayValue": [Function],
  "getAllByLabelText": [Function],
  "getAllByPlaceholderText": [Function],
  "getAllByRole": [Function],
  "getAllBySelectText": [Function],
  "getAllByTestId": [Function],
  "getAllByText": [Function],
  "getAllByTitle": [Function],
  "getAllByValue": [Function],
  "getByAltText": [Function],
  "getByDisplayValue": [Function],
  "getByLabelText": [Function],
  "getByPlaceholderText": [Function],
  "getByRole": [Function],
  "getBySelectText": [Function],
  "getByTestId": [Function],
  "getByText": [Function],
  "getByTitle": [Function],
  "getByValue": [Function],
  "queryAllByAltText": [Function],
  "queryAllByDisplayValue": [Function],
  "queryAllByLabelText": [Function],
  "queryAllByPlaceholderText": [Function],
  "queryAllByRole": [Function],
  "queryAllBySelectText": [Function],
  "queryAllByTestId": [Function],
  "queryAllByText": [Function],
  "queryAllByTitle": [Function],
  "queryAllByValue": [Function],
  "queryByAltText": [Function],
  "queryByDisplayValue": [Function],
  "queryByLabelText": [Function],
  "queryByPlaceholderText": [Function],
  "queryByRole": [Function],
  "queryBySelectText": [Function],
  "queryByTestId": [Function],
  "queryByText": [Function],
  "queryByTitle": [Function],
  "queryByValue": [Function],
  "rerender": [Function],
  "unmount": [Function],
}
`;
